SQL> /

TNAME                                                                                               
------------------------------                                                                      
SGC_CATEGORIE_CLIENT                                                                                
SGC_CATEGORIE_DONNEE                                                                                
SGC_CLASSE_COMPTEUR                                                                                 
SGC_CLASSE_TARIFAIRE                                                                                
SGC_CLIENT                                                                                          
SGC_COMPTEUR_SITE                                                                                   
SGC_DOMAINE_FORMATION                                                                               
SGC_DONNEE_SITE                                                                                     
SGC_ENTRETIEN_GROUPE                                                                                
SGC_EQUIPEMENT                                                                                      
SGC_FACTURATION                                                                                     
SGC_FINANCEMENT                                                                                     
SGC_FONCTION                                                                                        
SGC_GROUPE                                                                                          
SGC_LIGNE                                                                                           
SGC_MASQUE_COMPTEUR                                                                                 
SGC_MASQUE_DONNEE                                                                                   
SGC_MASQUE_FACTURE                                                                                  
SGC_PERIODE_RELEVE                                                                                  
SGC_PERSONNEL                                                                                       
SGC_PRESTATAIRE                                                                                     
SGC_RENDEMENT                                                                                       
SGC_RESEAU                                                                                          
SGC_RUBRIQUE_BUDGETAIRE                                                                             
SGC_SITE                                                                                            
SGC_TARIF                                                                                           
SGC_TAUX_FACTURATION                                                                                
SGC_THEME_FORMATION                                                                                 
SGC_TRAVAUX                                                                                         
SGC_TYPE_COMPTEUR                                                                                   
SGC_TYPE_DONNEE                                                                                     
SGC_TYPE_FORMATION                                                                                  
SGC_TYPE_GROUPE                                                                                     
SGC_TYPE_INSTALLATION                                                                               
SGC_TYPE_LIGNE                                                                                      
SGC_TYPE_TRAVAUX                                                                                    
SGC_VENTE                                                                                           
SG_ABONNE                                                                                           
SG_ABSENCE                                                                                          
SG_AFFECTATION_GROUPE                                                                               
SG_BENEFICIAIRE                                                                                     
SG_COMPTEUR_SITE                                                                                    
SG_DCET                                                                                             
SG_DCET_EQUIPEMENT                                                                                  
SG_DCET_INTERVENANT                                                                                 
SG_DMCCS                                                                                            
SG_DMCCS_EQUIPEMENT                                                                                 
SG_DMCCS_INTERVENANT                                                                                
SG_DONNEE_SITE                                                                                      
SG_DOSSIER                                                                                          
SG_DOSSIER_PROJET                                                                                   
SG_EXTENSION_RESEAU                                                                                 
SG_EXTENSION_RESEAU_EQUIPEMENT                                                                      
SG_EXTENSION_RESEAU_INTER                                                                           
SG_FORMATION                                                                                        
SG_HEURES_TRAVAILLEES                                                                               
SG_INDEX_SITE                                                                                       
SG_PERSONNEL                                                                                        
SG_PRESTATION_RESEAU                                                                                
SG_PRESTATION_RESEAU_EQUIP                                                                          
SG_PRESTATION_RESEAU_INTER                                                                          
SG_PROJET                                                                                           
SG_PROJET_CREDIT_EXERCICE                                                                           
SG_PROJET_FINANCEMENT                                                                               
SG_PROJET_NATURE                                                                                    
SG_SUIVI_NATURE                                                                                     
SG_SUIVI_PROJET                                                                                     
SG_TEMPS                                                                                            
SG_VALEUR_SITE                                                                                      
SG_VENTE                                                                                            

70 rows selected.

SQL> spool off
